/home/raspy-wasp/Code/Xipiter-Code/camera/uEye_SimpleLive_PyuEye_OpenCV.zip
